172.28.193.171 - - [28/Apr/2026:12:20:07 +0200] "GET /pbft/rest/Servicio/comenzar?id=2&procXmaq=2&nMaquinas=3 HTTP/1.1" 404 727
127.0.0.1 - - [28/Apr/2026:12:20:32 +0200] "GET / HTTP/1.1" 200 11232
127.0.0.1 - - [28/Apr/2026:12:20:33 +0200] "GET /tomcat.css HTTP/1.1" 200 5584
127.0.0.1 - - [28/Apr/2026:12:20:33 +0200] "GET /tomcat.svg HTTP/1.1" 200 67795
127.0.0.1 - - [28/Apr/2026:12:20:33 +0200] "GET /asf-logo-wide.svg HTTP/1.1" 200 7089
127.0.0.1 - - [28/Apr/2026:12:20:33 +0200] "GET /bg-upper.png HTTP/1.1" 200 3103
127.0.0.1 - - [28/Apr/2026:12:20:33 +0200] "GET /bg-nav.png HTTP/1.1" 200 1401
127.0.0.1 - - [28/Apr/2026:12:20:33 +0200] "GET /bg-middle.png HTTP/1.1" 200 1918
127.0.0.1 - - [28/Apr/2026:12:20:33 +0200] "GET /bg-button.png HTTP/1.1" 200 713
172.28.193.171 - - [28/Apr/2026:12:25:43 +0200] "GET /pbft/rest/Servicio/comenzar?id=2&procXmaq=2&nMaquinas=3 HTTP/1.1" 200 78
172.28.193.171 - - [28/Apr/2026:12:25:43 +0200] "POST /pbft/rest/Servicio/addIP HTTP/1.1" 200 -
172.28.193.171 - - [28/Apr/2026:12:26:02 +0200] "GET /pbft/rest/Servicio/compromiso?valor=5&senderId=4 HTTP/1.1" 200 -
172.28.193.171 - - [28/Apr/2026:12:26:02 +0200] "GET /pbft/rest/Servicio/compromiso?valor=5&senderId=5 HTTP/1.1" 200 -
172.20.7.108 - - [28/Apr/2026:12:26:02 +0200] "GET /pbft/rest/Servicio/compromiso?valor=5&senderId=0 HTTP/1.1" 200 -
172.20.7.108 - - [28/Apr/2026:12:26:02 +0200] "GET /pbft/rest/Servicio/compromiso?valor=5&senderId=1 HTTP/1.1" 200 -
172.20.7.188 - - [28/Apr/2026:12:26:02 +0200] "GET /pbft/rest/Servicio/comision?valor=5&senderId=2 HTTP/1.1" 200 -
172.20.7.188 - - [28/Apr/2026:12:26:02 +0200] "GET /pbft/rest/Servicio/compromiso?valor=5&senderId=3 HTTP/1.1" 200 -
172.20.7.188 - - [28/Apr/2026:12:26:02 +0200] "GET /pbft/rest/Servicio/compromiso?valor=5&senderId=2 HTTP/1.1" 200 -
172.20.7.188 - - [28/Apr/2026:12:26:02 +0200] "GET /pbft/rest/Servicio/comision?valor=5&senderId=3 HTTP/1.1" 200 -
172.28.193.171 - - [28/Apr/2026:12:26:02 +0200] "GET /pbft/rest/Servicio/propuesta?valor=5&attrSplit=%25&procSplit=%2F HTTP/1.1" 200 8
172.20.7.108 - - [28/Apr/2026:12:26:02 +0200] "GET /pbft/rest/Servicio/comision?valor=5&senderId=0 HTTP/1.1" 200 -
172.20.7.108 - - [28/Apr/2026:12:26:02 +0200] "GET /pbft/rest/Servicio/comision?valor=5&senderId=1 HTTP/1.1" 200 -
172.28.193.171 - - [28/Apr/2026:12:26:02 +0200] "GET /pbft/rest/Servicio/comision?valor=5&senderId=4 HTTP/1.1" 200 -
172.28.193.171 - - [28/Apr/2026:12:26:02 +0200] "GET /pbft/rest/Servicio/comision?valor=5&senderId=5 HTTP/1.1" 200 -
172.28.193.171 - - [28/Apr/2026:12:26:03 +0200] "GET /pbft/rest/Servicio/state?attrSplit=%25&procSplit=%2F HTTP/1.1" 200 46
172.20.7.188 - - [28/Apr/2026:12:26:05 +0200] "GET /pbft/rest/Servicio/compromiso?valor=3&senderId=2 HTTP/1.1" 200 -
172.20.7.188 - - [28/Apr/2026:12:26:05 +0200] "GET /pbft/rest/Servicio/compromiso?valor=3&senderId=3 HTTP/1.1" 200 -
172.20.7.108 - - [28/Apr/2026:12:26:05 +0200] "GET /pbft/rest/Servicio/compromiso?valor=3&senderId=1 HTTP/1.1" 200 -
172.20.7.108 - - [28/Apr/2026:12:26:05 +0200] "GET /pbft/rest/Servicio/compromiso?valor=3&senderId=0 HTTP/1.1" 200 -
172.28.193.171 - - [28/Apr/2026:12:26:05 +0200] "GET /pbft/rest/Servicio/compromiso?valor=3&senderId=5 HTTP/1.1" 200 -
172.28.193.171 - - [28/Apr/2026:12:26:05 +0200] "GET /pbft/rest/Servicio/compromiso?valor=3&senderId=4 HTTP/1.1" 200 -
172.20.7.108 - - [28/Apr/2026:12:26:05 +0200] "GET /pbft/rest/Servicio/comision?valor=3&senderId=0 HTTP/1.1" 200 -
172.20.7.108 - - [28/Apr/2026:12:26:05 +0200] "GET /pbft/rest/Servicio/comision?valor=3&senderId=1 HTTP/1.1" 200 -
172.20.7.188 - - [28/Apr/2026:12:26:05 +0200] "GET /pbft/rest/Servicio/comision?valor=3&senderId=2 HTTP/1.1" 200 -
172.28.193.171 - - [28/Apr/2026:12:26:05 +0200] "GET /pbft/rest/Servicio/comision?valor=3&senderId=4 HTTP/1.1" 200 -
172.28.193.171 - - [28/Apr/2026:12:26:05 +0200] "GET /pbft/rest/Servicio/propuesta?valor=3&attrSplit=%25&procSplit=%2F HTTP/1.1" 200 8
172.20.7.188 - - [28/Apr/2026:12:26:05 +0200] "GET /pbft/rest/Servicio/comision?valor=3&senderId=3 HTTP/1.1" 200 -
172.28.193.171 - - [28/Apr/2026:12:26:05 +0200] "GET /pbft/rest/Servicio/comision?valor=3&senderId=5 HTTP/1.1" 200 -
172.20.7.188 - - [28/Apr/2026:12:26:06 +0200] "GET /pbft/rest/Servicio/compromiso?valor=2&senderId=3 HTTP/1.1" 200 -
172.20.7.188 - - [28/Apr/2026:12:26:06 +0200] "GET /pbft/rest/Servicio/compromiso?valor=2&senderId=2 HTTP/1.1" 200 -
172.20.7.108 - - [28/Apr/2026:12:26:06 +0200] "GET /pbft/rest/Servicio/compromiso?valor=2&senderId=0 HTTP/1.1" 200 -
172.28.193.171 - - [28/Apr/2026:12:26:06 +0200] "GET /pbft/rest/Servicio/compromiso?valor=2&senderId=5 HTTP/1.1" 200 -
172.20.7.108 - - [28/Apr/2026:12:26:06 +0200] "GET /pbft/rest/Servicio/compromiso?valor=2&senderId=1 HTTP/1.1" 200 -
172.28.193.171 - - [28/Apr/2026:12:26:06 +0200] "GET /pbft/rest/Servicio/compromiso?valor=2&senderId=4 HTTP/1.1" 200 -
172.20.7.108 - - [28/Apr/2026:12:26:06 +0200] "GET /pbft/rest/Servicio/comision?valor=2&senderId=1 HTTP/1.1" 200 -
172.20.7.108 - - [28/Apr/2026:12:26:06 +0200] "GET /pbft/rest/Servicio/comision?valor=2&senderId=0 HTTP/1.1" 200 -
172.20.7.188 - - [28/Apr/2026:12:26:06 +0200] "GET /pbft/rest/Servicio/comision?valor=2&senderId=3 HTTP/1.1" 200 -
172.28.193.171 - - [28/Apr/2026:12:26:06 +0200] "GET /pbft/rest/Servicio/propuesta?valor=2&attrSplit=%25&procSplit=%2F HTTP/1.1" 200 8
172.20.7.188 - - [28/Apr/2026:12:26:06 +0200] "GET /pbft/rest/Servicio/comision?valor=2&senderId=2 HTTP/1.1" 200 -
172.28.193.171 - - [28/Apr/2026:12:26:06 +0200] "GET /pbft/rest/Servicio/comision?valor=2&senderId=5 HTTP/1.1" 200 -
172.28.193.171 - - [28/Apr/2026:12:26:06 +0200] "GET /pbft/rest/Servicio/comision?valor=2&senderId=4 HTTP/1.1" 200 -
172.28.193.171 - - [28/Apr/2026:12:26:08 +0200] "GET /pbft/rest/Servicio/compromiso?valor=9&senderId=5 HTTP/1.1" 200 -
172.28.193.171 - - [28/Apr/2026:12:26:08 +0200] "GET /pbft/rest/Servicio/compromiso?valor=9&senderId=4 HTTP/1.1" 200 -
172.20.7.108 - - [28/Apr/2026:12:26:08 +0200] "GET /pbft/rest/Servicio/compromiso?valor=9&senderId=0 HTTP/1.1" 200 -
172.20.7.188 - - [28/Apr/2026:12:26:08 +0200] "GET /pbft/rest/Servicio/compromiso?valor=9&senderId=2 HTTP/1.1" 200 -
172.20.7.188 - - [28/Apr/2026:12:26:08 +0200] "GET /pbft/rest/Servicio/comision?valor=9&senderId=3 HTTP/1.1" 200 -
172.20.7.188 - - [28/Apr/2026:12:26:08 +0200] "GET /pbft/rest/Servicio/compromiso?valor=9&senderId=3 HTTP/1.1" 200 -
172.20.7.108 - - [28/Apr/2026:12:26:08 +0200] "GET /pbft/rest/Servicio/compromiso?valor=9&senderId=1 HTTP/1.1" 200 -
172.20.7.188 - - [28/Apr/2026:12:26:08 +0200] "GET /pbft/rest/Servicio/comision?valor=9&senderId=2 HTTP/1.1" 200 -
172.20.7.108 - - [28/Apr/2026:12:26:08 +0200] "GET /pbft/rest/Servicio/comision?valor=9&senderId=1 HTTP/1.1" 200 -
172.20.7.108 - - [28/Apr/2026:12:26:08 +0200] "GET /pbft/rest/Servicio/comision?valor=9&senderId=0 HTTP/1.1" 200 -
172.28.193.171 - - [28/Apr/2026:12:26:08 +0200] "GET /pbft/rest/Servicio/propuesta?valor=9&attrSplit=%25&procSplit=%2F HTTP/1.1" 200 8
172.28.193.171 - - [28/Apr/2026:12:26:08 +0200] "GET /pbft/rest/Servicio/comision?valor=9&senderId=5 HTTP/1.1" 200 -
172.28.193.171 - - [28/Apr/2026:12:26:08 +0200] "GET /pbft/rest/Servicio/comision?valor=9&senderId=4 HTTP/1.1" 200 -
